Archive member included to satisfy reference by file (symbol)

c:/program files (x86)/atmel/studio/7.0/toolchain/avr8/avr8-gnu-toolchain/bin/../lib/gcc/avr/5.4.0/avr51\libgcc.a(_exit.o)
                              C:/Program Files (x86)/Atmel/Studio/7.0/Packs/atmel/ATmega_DFP/1.2.150/gcc/dev/at90usb1287/avr51/crtat90usb1287.o (exit)
c:/program files (x86)/atmel/studio/7.0/toolchain/avr8/avr8-gnu-toolchain/bin/../lib/gcc/avr/5.4.0/avr51\libgcc.a(_copy_data.o)
                              src/config/FrameBuffer.o (__do_copy_data)
c:/program files (x86)/atmel/studio/7.0/toolchain/avr8/avr8-gnu-toolchain/bin/../lib/gcc/avr/5.4.0/avr51\libgcc.a(_clear_bss.o)
                              src/config/FrameBuffer.o (__do_clear_bss)
c:/program files (x86)/atmel/studio/7.0/toolchain/avr8/avr8-gnu-toolchain/bin/../lib/gcc/avr/5.4.0/../../../../avr/lib/avr51\libc.a(sprintf.o)
                              src/config/FrameBuffer.o (sprintf)
c:/program files (x86)/atmel/studio/7.0/toolchain/avr8/avr8-gnu-toolchain/bin/../lib/gcc/avr/5.4.0/../../../../avr/lib/avr51\libc.a(vfprintf_std.o)
                              c:/program files (x86)/atmel/studio/7.0/toolchain/avr8/avr8-gnu-toolchain/bin/../lib/gcc/avr/5.4.0/../../../../avr/lib/avr51\libc.a(sprintf.o) (vfprintf)
c:/program files (x86)/atmel/studio/7.0/toolchain/avr8/avr8-gnu-toolchain/bin/../lib/gcc/avr/5.4.0/../../../../avr/lib/avr51\libc.a(strnlen_P.o)
                              c:/program files (x86)/atmel/studio/7.0/toolchain/avr8/avr8-gnu-toolchain/bin/../lib/gcc/avr/5.4.0/../../../../avr/lib/avr51\libc.a(vfprintf_std.o) (strnlen_P)
c:/program files (x86)/atmel/studio/7.0/toolchain/avr8/avr8-gnu-toolchain/bin/../lib/gcc/avr/5.4.0/../../../../avr/lib/avr51\libc.a(strnlen.o)
                              c:/program files (x86)/atmel/studio/7.0/toolchain/avr8/avr8-gnu-toolchain/bin/../lib/gcc/avr/5.4.0/../../../../avr/lib/avr51\libc.a(vfprintf_std.o) (strnlen)
c:/program files (x86)/atmel/studio/7.0/toolchain/avr8/avr8-gnu-toolchain/bin/../lib/gcc/avr/5.4.0/../../../../avr/lib/avr51\libc.a(fputc.o)
                              c:/program files (x86)/atmel/studio/7.0/toolchain/avr8/avr8-gnu-toolchain/bin/../lib/gcc/avr/5.4.0/../../../../avr/lib/avr51\libc.a(vfprintf_std.o) (fputc)
c:/program files (x86)/atmel/studio/7.0/toolchain/avr8/avr8-gnu-toolchain/bin/../lib/gcc/avr/5.4.0/../../../../avr/lib/avr51\libc.a(ultoa_invert.o)
                              c:/program files (x86)/atmel/studio/7.0/toolchain/avr8/avr8-gnu-toolchain/bin/../lib/gcc/avr/5.4.0/../../../../avr/lib/avr51\libc.a(vfprintf_std.o) (__ultoa_invert)

Discarded input sections

 .data          0x00000000        0x0 C:/Program Files (x86)/Atmel/Studio/7.0/Packs/atmel/ATmega_DFP/1.2.150/gcc/dev/at90usb1287/avr51/crtat90usb1287.o
 .bss           0x00000000        0x0 C:/Program Files (x86)/Atmel/Studio/7.0/Packs/atmel/ATmega_DFP/1.2.150/gcc/dev/at90usb1287/avr51/crtat90usb1287.o
 .group         0x00000000        0x8 src/config/FrameBuffer.o
 .group         0x00000000        0x8 src/config/FrameBuffer.o
 .group         0x00000000        0x8 src/config/FrameBuffer.o
 .group         0x00000000        0x8 src/config/FrameBuffer.o
 .group         0x00000000        0x8 src/config/FrameBuffer.o
 .group         0x00000000        0x8 src/config/FrameBuffer.o
 .group         0x00000000        0x8 src/config/FrameBuffer.o
 .group         0x00000000        0x8 src/config/FrameBuffer.o
 .group         0x00000000        0x8 src/config/FrameBuffer.o
 .group         0x00000000        0x8 src/config/FrameBuffer.o
 .group         0x00000000        0x8 src/config/FrameBuffer.o
 .group         0x00000000        0x8 src/config/FrameBuffer.o
 .group         0x00000000        0x8 src/config/FrameBuffer.o
 .group         0x00000000        0x8 src/config/FrameBuffer.o
 .group         0x00000000        0x8 src/config/FrameBuffer.o
 .group         0x00000000        0x8 src/config/FrameBuffer.o
 .group         0x00000000        0x8 src/config/FrameBuffer.o
 .group         0x00000000        0x8 src/config/FrameBuffer.o
 .group         0x00000000        0x8 src/config/FrameBuffer.o
 .group         0x00000000        0x8 src/config/FrameBuffer.o
 .group         0x00000000        0x8 src/config/FrameBuffer.o
 .group         0x00000000        0x8 src/config/FrameBuffer.o
 .group         0x00000000        0x8 src/config/FrameBuffer.o
 .group         0x00000000        0x8 src/config/FrameBuffer.o
 .group         0x00000000        0x8 src/config/FrameBuffer.o
 .text          0x00000000        0x0 src/config/FrameBuffer.o
 .data          0x00000000        0x0 src/config/FrameBuffer.o
 .bss           0x00000000        0x0 src/config/FrameBuffer.o
 .text.drawPixelP
                0x00000000       0x72 src/config/FrameBuffer.o
 .text.drawBitmap
                0x00000000      0x106 src/config/FrameBuffer.o
 .text.drawBuffer
                0x00000000       0x8c src/config/FrameBuffer.o
 .text.drawObjCount
                0x00000000       0xcc src/config/FrameBuffer.o
 .group         0x00000000        0x8 src/config/glcdfont.o
 .group         0x00000000        0x8 src/config/glcdfont.o
 .group         0x00000000        0x8 src/config/glcdfont.o
 .group         0x00000000        0x8 src/config/glcdfont.o
 .group         0x00000000        0x8 src/config/glcdfont.o
 .group         0x00000000        0x8 src/config/glcdfont.o
 .group         0x00000000        0x8 src/config/glcdfont.o
 .group         0x00000000        0x8 src/config/glcdfont.o
 .group         0x00000000        0x8 src/config/glcdfont.o
 .group         0x00000000        0x8 src/config/glcdfont.o
 .group         0x00000000        0x8 src/config/glcdfont.o
 .group         0x00000000        0x8 src/config/glcdfont.o
 .group         0x00000000        0x8 src/config/glcdfont.o
 .group         0x00000000        0x8 src/config/glcdfont.o
 .group         0x00000000        0x8 src/config/glcdfont.o
 .text          0x00000000        0x0 src/config/glcdfont.o
 .data          0x00000000        0x0 src/config/glcdfont.o
 .bss           0x00000000        0x0 src/config/glcdfont.o
 .debug_info    0x00000000      0x7ea src/config/glcdfont.o
 .debug_abbrev  0x00000000       0x78 src/config/glcdfont.o
 .debug_aranges
                0x00000000       0x18 src/config/glcdfont.o
 .debug_macro   0x00000000       0xb3 src/config/glcdfont.o
 .debug_macro   0x00000000      0xa66 src/config/glcdfont.o
 .debug_macro   0x00000000       0x10 src/config/glcdfont.o
 .debug_macro   0x00000000      0x1c9 src/config/glcdfont.o
 .debug_macro   0x00000000      0x2fc src/config/glcdfont.o
 .debug_macro   0x00000000       0x9e src/config/glcdfont.o
 .debug_macro   0x00000000     0x1953 src/config/glcdfont.o
 .debug_macro   0x00000000      0x106 src/config/glcdfont.o
 .debug_macro   0x00000000      0x1e0 src/config/glcdfont.o
 .debug_macro   0x00000000       0xcb src/config/glcdfont.o
 .debug_macro   0x00000000       0x34 src/config/glcdfont.o
 .debug_macro   0x00000000       0x18 src/config/glcdfont.o
 .debug_macro   0x00000000       0x6c src/config/glcdfont.o
 .debug_macro   0x00000000       0x10 src/config/glcdfont.o
 .debug_macro   0x00000000       0x89 src/config/glcdfont.o
 .debug_macro   0x00000000      0x181 src/config/glcdfont.o
 .debug_line    0x00000000      0x24d src/config/glcdfont.o
 .debug_str     0x00000000     0x9f80 src/config/glcdfont.o
 .comment       0x00000000       0x31 src/config/glcdfont.o
 .group         0x00000000        0x8 src/config/I2C.o
 .group         0x00000000        0x8 src/config/I2C.o
 .group         0x00000000        0x8 src/config/I2C.o
 .group         0x00000000        0x8 src/config/I2C.o
 .group         0x00000000        0x8 src/config/I2C.o
 .group         0x00000000        0x8 src/config/I2C.o
 .group         0x00000000        0x8 src/config/I2C.o
 .group         0x00000000        0x8 src/config/I2C.o
 .group         0x00000000        0x8 src/config/I2C.o
 .group         0x00000000        0x8 src/config/I2C.o
 .group         0x00000000        0x8 src/config/I2C.o
 .group         0x00000000        0x8 src/config/I2C.o
 .group         0x00000000        0x8 src/config/I2C.o
 .text          0x00000000        0x0 src/config/I2C.o
 .data          0x00000000        0x0 src/config/I2C.o
 .bss           0x00000000        0x0 src/config/I2C.o
 .debug_macro   0x00000000      0xa66 src/config/I2C.o
 .debug_macro   0x00000000      0x1c9 src/config/I2C.o
 .debug_macro   0x00000000      0x2fc src/config/I2C.o
 .debug_macro   0x00000000       0xaa src/config/I2C.o
 .debug_macro   0x00000000     0x1953 src/config/I2C.o
 .debug_macro   0x00000000      0x106 src/config/I2C.o
 .debug_macro   0x00000000      0x1e0 src/config/I2C.o
 .debug_macro   0x00000000       0xcb src/config/I2C.o
 .debug_macro   0x00000000       0x34 src/config/I2C.o
 .debug_macro   0x00000000       0x18 src/config/I2C.o
 .debug_macro   0x00000000       0x6c src/config/I2C.o
 .debug_macro   0x00000000       0x1c src/config/I2C.o
 .group         0x00000000        0x8 src/config/SSD1306.o
 .group         0x00000000        0x8 src/config/SSD1306.o
 .group         0x00000000        0x8 src/config/SSD1306.o
 .group         0x00000000        0x8 src/config/SSD1306.o
 .group         0x00000000        0x8 src/config/SSD1306.o
 .group         0x00000000        0x8 src/config/SSD1306.o
 .group         0x00000000        0x8 src/config/SSD1306.o
 .group         0x00000000        0x8 src/config/SSD1306.o
 .group         0x00000000        0x8 src/config/SSD1306.o
 .group         0x00000000        0x8 src/config/SSD1306.o
 .group         0x00000000        0x8 src/config/SSD1306.o
 .group         0x00000000        0x8 src/config/SSD1306.o
 .group         0x00000000        0x8 src/config/SSD1306.o
 .group         0x00000000        0x8 src/config/SSD1306.o
 .text          0x00000000        0x0 src/config/SSD1306.o
 .data          0x00000000        0x0 src/config/SSD1306.o
 .bss           0x00000000        0x0 src/config/SSD1306.o
 .text.sendData
                0x00000000       0x1e src/config/SSD1306.o
 .text.invert   0x00000000       0x14 src/config/SSD1306.o
 .debug_macro   0x00000000      0xa66 src/config/SSD1306.o
 .debug_macro   0x00000000      0x1c9 src/config/SSD1306.o
 .debug_macro   0x00000000       0x10 src/config/SSD1306.o
 .debug_macro   0x00000000       0x9e src/config/SSD1306.o
 .debug_macro   0x00000000     0x1953 src/config/SSD1306.o
 .debug_macro   0x00000000      0x106 src/config/SSD1306.o
 .debug_macro   0x00000000      0x1e0 src/config/SSD1306.o
 .debug_macro   0x00000000       0xcb src/config/SSD1306.o
 .debug_macro   0x00000000       0x34 src/config/SSD1306.o
 .debug_macro   0x00000000       0x18 src/config/SSD1306.o
 .debug_macro   0x00000000       0x6c src/config/SSD1306.o
 .debug_macro   0x00000000       0xb8 src/config/SSD1306.o
 .group         0x00000000        0x8 src/ASF/common/boards/user_board/init.o
 .group         0x00000000        0x8 src/ASF/common/boards/user_board/init.o
 .group         0x00000000        0x8 src/ASF/common/boards/user_board/init.o
 .group         0x00000000        0x8 src/ASF/common/boards/user_board/init.o
 .group         0x00000000        0x8 src/ASF/common/boards/user_board/init.o
 .group         0x00000000        0x8 src/ASF/common/boards/user_board/init.o
 .group         0x00000000        0x8 src/ASF/common/boards/user_board/init.o
 .group         0x00000000        0x8 src/ASF/common/boards/user_board/init.o
 .group         0x00000000        0x8 src/ASF/common/boards/user_board/init.o
 .group         0x00000000        0x8 src/ASF/common/boards/user_board/init.o
 .group         0x00000000        0x8 src/ASF/common/boards/user_board/init.o
 .group         0x00000000        0x8 src/ASF/common/boards/user_board/init.o
 .group         0x00000000        0x8 src/ASF/common/boards/user_board/init.o
 .group         0x00000000        0x8 src/ASF/common/boards/user_board/init.o
 .group         0x00000000        0x8 src/ASF/common/boards/user_board/init.o
 .group         0x00000000        0x8 src/ASF/common/boards/user_board/init.o
 .group         0x00000000        0x8 src/ASF/common/boards/user_board/init.o
 .group         0x00000000        0x8 src/ASF/common/boards/user_board/init.o
 .group         0x00000000        0x8 src/ASF/common/boards/user_board/init.o
 .group         0x00000000        0x8 src/ASF/common/boards/user_board/init.o
 .group         0x00000000        0x8 src/ASF/common/boards/user_board/init.o
 .group         0x00000000        0x8 src/ASF/common/boards/user_board/init.o
 .group         0x00000000        0x8 src/ASF/common/boards/user_board/init.o
 .group         0x00000000        0x8 src/ASF/common/boards/user_board/init.o
 .group         0x00000000        0x8 src/ASF/common/boards/user_board/init.o
 .group         0x00000000        0x8 src/ASF/common/boards/user_board/init.o
 .text          0x00000000        0x0 src/ASF/common/boards/user_board/init.o
 .data          0x00000000        0x0 src/ASF/common/boards/user_board/init.o
 .bss           0x00000000        0x0 src/ASF/common/boards/user_board/init.o
 .text.board_init
                0x00000000        0x2 src/ASF/common/boards/user_board/init.o
 .debug_info    0x00000000       0x7c src/ASF/common/boards/user_board/init.o
 .debug_abbrev  0x00000000       0x47 src/ASF/common/boards/user_board/init.o
 .debug_aranges
                0x00000000       0x20 src/ASF/common/boards/user_board/init.o
 .debug_ranges  0x00000000       0x10 src/ASF/common/boards/user_board/init.o
 .debug_macro   0x00000000      0x161 src/ASF/common/boards/user_board/init.o
 .debug_macro   0x00000000      0xa66 src/ASF/common/boards/user_board/init.o
 .debug_macro   0x00000000       0x10 src/ASF/common/boards/user_board/init.o
 .debug_macro   0x00000000      0x1c9 src/ASF/common/boards/user_board/init.o
 .debug_macro   0x00000000      0x2fc src/ASF/common/boards/user_board/init.o
 .debug_macro   0x00000000       0x9e src/ASF/common/boards/user_board/init.o
 .debug_macro   0x00000000     0x1953 src/ASF/common/boards/user_board/init.o
 .debug_macro   0x00000000      0x106 src/ASF/common/boards/user_board/init.o
 .debug_macro   0x00000000      0x1e0 src/ASF/common/boards/user_board/init.o
 .debug_macro   0x00000000       0xcb src/ASF/common/boards/user_board/init.o
 .debug_macro   0x00000000       0x34 src/ASF/common/boards/user_board/init.o
 .debug_macro   0x00000000       0x18 src/ASF/common/boards/user_board/init.o
 .debug_macro   0x00000000       0x6c src/ASF/common/boards/user_board/init.o
 .debug_macro   0x00000000       0x22 src/ASF/common/boards/user_board/init.o
 .debug_macro   0x00000000      0x16d src/ASF/common/boards/user_board/init.o
 .debug_macro   0x00000000       0x1c src/ASF/common/boards/user_board/init.o
 .debug_macro   0x00000000       0x35 src/ASF/common/boards/user_board/init.o
 .debug_macro   0x00000000       0x66 src/ASF/common/boards/user_board/init.o
 .debug_macro   0x00000000      0x64b src/ASF/common/boards/user_board/init.o
 .debug_macro   0x00000000       0x44 src/ASF/common/boards/user_board/init.o
 .debug_macro   0x00000000       0x69 src/ASF/common/boards/user_board/init.o
 .debug_macro   0x00000000       0x2c src/ASF/common/boards/user_board/init.o
 .debug_macro   0x00000000       0x10 src/ASF/common/boards/user_board/init.o
 .debug_macro   0x00000000      0x175 src/ASF/common/boards/user_board/init.o
 .debug_macro   0x00000000       0x40 src/ASF/common/boards/user_board/init.o
 .debug_macro   0x00000000      0x100 src/ASF/common/boards/user_board/init.o
 .debug_macro   0x00000000      0x2c0 src/ASF/common/boards/user_board/init.o
 .debug_line    0x00000000      0x3a4 src/ASF/common/boards/user_board/init.o
 .debug_str     0x00000000    0x118d8 src/ASF/common/boards/user_board/init.o
 .comment       0x00000000       0x31 src/ASF/common/boards/user_board/init.o
 .debug_frame   0x00000000       0x24 src/ASF/common/boards/user_board/init.o
 .group         0x00000000        0x8 src/main.o
 .group         0x00000000        0x8 src/main.o
 .group         0x00000000        0x8 src/main.o
 .group         0x00000000        0x8 src/main.o
 .group         0x00000000        0x8 src/main.o
 .group         0x00000000        0x8 src/main.o
 .group         0x00000000        0x8 src/main.o
 .group         0x00000000        0x8 src/main.o
 .group         0x00000000        0x8 src/main.o
 .group         0x00000000        0x8 src/main.o
 .group         0x00000000        0x8 src/main.o
 .group         0x00000000        0x8 src/main.o
 .group         0x00000000        0x8 src/main.o
 .group         0x00000000        0x8 src/main.o
 .group         0x00000000        0x8 src/main.o
 .group         0x00000000        0x8 src/main.o
 .group         0x00000000        0x8 src/main.o
 .group         0x00000000        0x8 src/main.o
 .group         0x00000000        0x8 src/main.o
 .group         0x00000000        0x8 src/main.o
 .group         0x00000000        0x8 src/main.o
 .group         0x00000000        0x8 src/main.o
 .group         0x00000000        0x8 src/main.o
 .group         0x00000000        0x8 src/main.o
 .group         0x00000000        0x8 src/main.o
 .group         0x00000000        0x8 src/main.o
 .group         0x00000000        0x8 src/main.o
 .group         0x00000000        0x8 src/main.o
 .group         0x00000000        0x8 src/main.o
 .group         0x00000000        0x8 src/main.o
 .text          0x00000000        0x0 src/main.o
 .data          0x00000000        0x0 src/main.o
 .bss           0x00000000        0x0 src/main.o
 .text.initTimer0
                0x00000000       0x1e src/main.o
 .text.initTimer1
                0x00000000       0x20 src/main.o
 .text.setupPorts
                0x00000000       0x1e src/main.o
 .debug_macro   0x00000000      0xa66 src/main.o
 .debug_macro   0x00000000       0x10 src/main.o
 .debug_macro   0x00000000      0x1c9 src/main.o
 .debug_macro   0x00000000      0x2fc src/main.o
 .debug_macro   0x00000000       0x9e src/main.o
 .debug_macro   0x00000000     0x1953 src/main.o
 .debug_macro   0x00000000      0x106 src/main.o
 .debug_macro   0x00000000      0x1e0 src/main.o
 .debug_macro   0x00000000       0xcb src/main.o
 .debug_macro   0x00000000       0x34 src/main.o
 .debug_macro   0x00000000       0x18 src/main.o
 .debug_macro   0x00000000       0x6c src/main.o
 .debug_macro   0x00000000       0x22 src/main.o
 .debug_macro   0x00000000      0x16d src/main.o
 .debug_macro   0x00000000       0x1c src/main.o
 .debug_macro   0x00000000       0x35 src/main.o
 .debug_macro   0x00000000       0x66 src/main.o
 .debug_macro   0x00000000      0x64b src/main.o
 .debug_macro   0x00000000       0x44 src/main.o
 .debug_macro   0x00000000       0x69 src/main.o
 .debug_macro   0x00000000       0x2c src/main.o
 .debug_macro   0x00000000       0x10 src/main.o
 .debug_macro   0x00000000      0x175 src/main.o
 .debug_macro   0x00000000       0x40 src/main.o
 .debug_macro   0x00000000      0x100 src/main.o
 .debug_macro   0x00000000      0x2c0 src/main.o
 .debug_macro   0x00000000       0x1c src/main.o
 .debug_macro   0x00000000       0xb8 src/main.o
 .debug_macro   0x00000000       0xb2 src/main.o
 .text          0x00000000        0x0 c:/program files (x86)/atmel/studio/7.0/toolchain/avr8/avr8-gnu-toolchain/bin/../lib/gcc/avr/5.4.0/avr51\libgcc.a(_exit.o)
 .data          0x00000000        0x0 c:/program files (x86)/atmel/studio/7.0/toolchain/avr8/avr8-gnu-toolchain/bin/../lib/gcc/avr/5.4.0/avr51\libgcc.a(_exit.o)
 .bss           0x00000000        0x0 c:/program files (x86)/atmel/studio/7.0/toolchain/avr8/avr8-gnu-toolchain/bin/../lib/gcc/avr/5.4.0/avr51\libgcc.a(_exit.o)
 .text.libgcc.mul
                0x00000000        0x0 c:/program files (x86)/atmel/studio/7.0/toolchain/avr8/avr8-gnu-toolchain/bin/../lib/gcc/avr/5.4.0/avr51\libgcc.a(_exit.o)
 .text.libgcc.div
                0x00000000        0x0 c:/program files (x86)/atmel/studio/7.0/toolchain/avr8/avr8-gnu-toolchain/bin/../lib/gcc/avr/5.4.0/avr51\libgcc.a(_exit.o)
 .text.libgcc   0x00000000        0x0 c:/program files (x86)/atmel/studio/7.0/toolchain/avr8/avr8-gnu-toolchain/bin/../lib/gcc/avr/5.4.0/avr51\libgcc.a(_exit.o)
 .text.libgcc.prologue
                0x00000000        0x0 c:/program files (x86)/atmel/studio/7.0/toolchain/avr8/avr8-gnu-toolchain/bin/../lib/gcc/avr/5.4.0/avr51\libgcc.a(_exit.o)
 .text.libgcc.builtins
                0x00000000        0x0 c:/program files (x86)/atmel/studio/7.0/toolchain/avr8/avr8-gnu-toolchain/bin/../lib/gcc/avr/5.4.0/avr51\libgcc.a(_exit.o)
 .text.libgcc.fmul
                0x00000000        0x0 c:/program files (x86)/atmel/studio/7.0/toolchain/avr8/avr8-gnu-toolchain/bin/../lib/gcc/avr/5.4.0/avr51\libgcc.a(_exit.o)
 .text.libgcc.fixed
                0x00000000        0x0 c:/program files (x86)/atmel/studio/7.0/toolchain/avr8/avr8-gnu-toolchain/bin/../lib/gcc/avr/5.4.0/avr51\libgcc.a(_exit.o)
 .text          0x00000000        0x0 c:/program files (x86)/atmel/studio/7.0/toolchain/avr8/avr8-gnu-toolchain/bin/../lib/gcc/avr/5.4.0/avr51\libgcc.a(_copy_data.o)
 .data          0x00000000        0x0 c:/program files (x86)/atmel/studio/7.0/toolchain/avr8/avr8-gnu-toolchain/bin/../lib/gcc/avr/5.4.0/avr51\libgcc.a(_copy_data.o)
 .bss           0x00000000        0x0 c:/program files (x86)/atmel/studio/7.0/toolchain/avr8/avr8-gnu-toolchain/bin/../lib/gcc/avr/5.4.0/avr51\libgcc.a(_copy_data.o)
 .text.libgcc.mul
                0x00000000        0x0 c:/program files (x86)/atmel/studio/7.0/toolchain/avr8/avr8-gnu-toolchain/bin/../lib/gcc/avr/5.4.0/avr51\libgcc.a(_copy_data.o)
 .text.libgcc.div
                0x00000000        0x0 c:/program files (x86)/atmel/studio/7.0/toolchain/avr8/avr8-gnu-toolchain/bin/../lib/gcc/avr/5.4.0/avr51\libgcc.a(_copy_data.o)
 .text.libgcc   0x00000000        0x0 c:/program files (x86)/atmel/studio/7.0/toolchain/avr8/avr8-gnu-toolchain/bin/../lib/gcc/avr/5.4.0/avr51\libgcc.a(_copy_data.o)
 .text.libgcc.prologue
                0x00000000        0x0 c:/program files (x86)/atmel/studio/7.0/toolchain/avr8/avr8-gnu-toolchain/bin/../lib/gcc/avr/5.4.0/avr51\libgcc.a(_copy_data.o)
 .text.libgcc.builtins
                0x00000000        0x0 c:/program files (x86)/atmel/studio/7.0/toolchain/avr8/avr8-gnu-toolchain/bin/../lib/gcc/avr/5.4.0/avr51\libgcc.a(_copy_data.o)
 .text.libgcc.fmul
                0x00000000        0x0 c:/program files (x86)/atmel/studio/7.0/toolchain/avr8/avr8-gnu-toolchain/bin/../lib/gcc/avr/5.4.0/avr51\libgcc.a(_copy_data.o)
 .text.libgcc.fixed
                0x00000000        0x0 c:/program files (x86)/atmel/studio/7.0/toolchain/avr8/avr8-gnu-toolchain/bin/../lib/gcc/avr/5.4.0/avr51\libgcc.a(_copy_data.o)
 .text          0x00000000        0x0 c:/program files (x86)/atmel/studio/7.0/toolchain/avr8/avr8-gnu-toolchain/bin/../lib/gcc/avr/5.4.0/avr51\libgcc.a(_clear_bss.o)
 .data          0x00000000        0x0 c:/program files (x86)/atmel/studio/7.0/toolchain/avr8/avr8-gnu-toolchain/bin/../lib/gcc/avr/5.4.0/avr51\libgcc.a(_clear_bss.o)
 .bss           0x00000000        0x0 c:/program files (x86)/atmel/studio/7.0/toolchain/avr8/avr8-gnu-toolchain/bin/../lib/gcc/avr/5.4.0/avr51\libgcc.a(_clear_bss.o)
 .text.libgcc.mul
                0x00000000        0x0 c:/program files (x86)/atmel/studio/7.0/toolchain/avr8/avr8-gnu-toolchain/bin/../lib/gcc/avr/5.4.0/avr51\libgcc.a(_clear_bss.o)
 .text.libgcc.div
                0x00000000        0x0 c:/program files (x86)/atmel/studio/7.0/toolchain/avr8/avr8-gnu-toolchain/bin/../lib/gcc/avr/5.4.0/avr51\libgcc.a(_clear_bss.o)
 .text.libgcc   0x00000000        0x0 c:/program files (x86)/atmel/studio/7.0/toolchain/avr8/avr8-gnu-toolchain/bin/../lib/gcc/avr/5.4.0/avr51\libgcc.a(_clear_bss.o)
 .text.libgcc.prologue
                0x00000000        0x0 c:/program files (x86)/atmel/studio/7.0/toolchain/avr8/avr8-gnu-toolchain/bin/../lib/gcc/avr/5.4.0/avr51\libgcc.a(_clear_bss.o)
 .text.libgcc.builtins
                0x00000000        0x0 c:/program files (x86)/atmel/studio/7.0/toolchain/avr8/avr8-gnu-toolchain/bin/../lib/gcc/avr/5.4.0/avr51\libgcc.a(_clear_bss.o)
 .text.libgcc.fmul
                0x00000000        0x0 c:/program files (x86)/atmel/studio/7.0/toolchain/avr8/avr8-gnu-toolchain/bin/../lib/gcc/avr/5.4.0/avr51\libgcc.a(_clear_bss.o)
 .text.libgcc.fixed
                0x00000000        0x0 c:/program files (x86)/atmel/studio/7.0/toolchain/avr8/avr8-gnu-toolchain/bin/../lib/gcc/avr/5.4.0/avr51\libgcc.a(_clear_bss.o)
 .text          0x00000000        0x0 c:/program files (x86)/atmel/studio/7.0/toolchain/avr8/avr8-gnu-toolchain/bin/../lib/gcc/avr/5.4.0/../../../../avr/lib/avr51\libc.a(sprintf.o)
 .data          0x00000000        0x0 c:/program files (x86)/atmel/studio/7.0/toolchain/avr8/avr8-gnu-toolchain/bin/../lib/gcc/avr/5.4.0/../../../../avr/lib/avr51\libc.a(sprintf.o)
 .bss           0x00000000        0x0 c:/program files (x86)/atmel/studio/7.0/toolchain/avr8/avr8-gnu-toolchain/bin/../lib/gcc/avr/5.4.0/../../../../avr/lib/avr51\libc.a(sprintf.o)
 .text          0x00000000        0x0 c:/program files (x86)/atmel/studio/7.0/toolchain/avr8/avr8-gnu-toolchain/bin/../lib/gcc/avr/5.4.0/../../../../avr/lib/avr51\libc.a(vfprintf_std.o)
 .data          0x00000000        0x0 c:/program files (x86)/atmel/studio/7.0/toolchain/avr8/avr8-gnu-toolchain/bin/../lib/gcc/avr/5.4.0/../../../../avr/lib/avr51\libc.a(vfprintf_std.o)
 .bss           0x00000000        0x0 c:/program files (x86)/atmel/studio/7.0/toolchain/avr8/avr8-gnu-toolchain/bin/../lib/gcc/avr/5.4.0/../../../../avr/lib/avr51\libc.a(vfprintf_std.o)
 .text          0x00000000        0x0 c:/program files (x86)/atmel/studio/7.0/toolchain/avr8/avr8-gnu-toolchain/bin/../lib/gcc/avr/5.4.0/../../../../avr/lib/avr51\libc.a(strnlen_P.o)
 .data          0x00000000        0x0 c:/program files (x86)/atmel/studio/7.0/toolchain/avr8/avr8-gnu-toolchain/bin/../lib/gcc/avr/5.4.0/../../../../avr/lib/avr51\libc.a(strnlen_P.o)
 .bss           0x00000000        0x0 c:/program files (x86)/atmel/studio/7.0/toolchain/avr8/avr8-gnu-toolchain/bin/../lib/gcc/avr/5.4.0/../../../../avr/lib/avr51\libc.a(strnlen_P.o)
 .text          0x00000000        0x0 c:/program files (x86)/atmel/studio/7.0/toolchain/avr8/avr8-gnu-toolchain/bin/../lib/gcc/avr/5.4.0/../../../../avr/lib/avr51\libc.a(strnlen.o)
 .data          0x00000000        0x0 c:/program files (x86)/atmel/studio/7.0/toolchain/avr8/avr8-gnu-toolchain/bin/../lib/gcc/avr/5.4.0/../../../../avr/lib/avr51\libc.a(strnlen.o)
 .bss           0x00000000        0x0 c:/program files (x86)/atmel/studio/7.0/toolchain/avr8/avr8-gnu-toolchain/bin/../lib/gcc/avr/5.4.0/../../../../avr/lib/avr51\libc.a(strnlen.o)
 .text          0x00000000        0x0 c:/program files (x86)/atmel/studio/7.0/toolchain/avr8/avr8-gnu-toolchain/bin/../lib/gcc/avr/5.4.0/../../../../avr/lib/avr51\libc.a(fputc.o)
 .data          0x00000000        0x0 c:/program files (x86)/atmel/studio/7.0/toolchain/avr8/avr8-gnu-toolchain/bin/../lib/gcc/avr/5.4.0/../../../../avr/lib/avr51\libc.a(fputc.o)
 .bss           0x00000000        0x0 c:/program files (x86)/atmel/studio/7.0/toolchain/avr8/avr8-gnu-toolchain/bin/../lib/gcc/avr/5.4.0/../../../../avr/lib/avr51\libc.a(fputc.o)
 .text          0x00000000        0x0 c:/program files (x86)/atmel/studio/7.0/toolchain/avr8/avr8-gnu-toolchain/bin/../lib/gcc/avr/5.4.0/../../../../avr/lib/avr51\libc.a(ultoa_invert.o)
 .data          0x00000000        0x0 c:/program files (x86)/atmel/studio/7.0/toolchain/avr8/avr8-gnu-toolchain/bin/../lib/gcc/avr/5.4.0/../../../../avr/lib/avr51\libc.a(ultoa_invert.o)
 .bss           0x00000000        0x0 c:/program files (x86)/atmel/studio/7.0/toolchain/avr8/avr8-gnu-toolchain/bin/../lib/gcc/avr/5.4.0/../../../../avr/lib/avr51\libc.a(ultoa_invert.o)

Memory Configuration

Name             Origin             Length             Attributes
text             0x00000000         0x00020000         xr
data             0x00800100         0x0000ff00         rw !x
eeprom           0x00810000         0x00010000         rw !x
fuse             0x00820000         0x00000003         rw !x
lock             0x00830000         0x00000400         rw !x
signature        0x00840000         0x00000400         rw !x
user_signatures  0x00850000         0x00000400         rw !x
*default*        0x00000000         0xffffffff

Linker script and memory map

Address of section .data set to 0x800100
LOAD C:/Program Files (x86)/Atmel/Studio/7.0/Packs/atmel/ATmega_DFP/1.2.150/gcc/dev/at90usb1287/avr51/crtat90usb1287.o
LOAD src/config/FrameBuffer.o
LOAD src/config/glcdfont.o
LOAD src/config/I2C.o
LOAD src/config/SSD1306.o
LOAD src/ASF/common/boards/user_board/init.o
LOAD src/main.o
START GROUP
LOAD c:/program files (x86)/atmel/studio/7.0/toolchain/avr8/avr8-gnu-toolchain/bin/../lib/gcc/avr/5.4.0/../../../../avr/lib/avr51\libm.a
END GROUP
START GROUP
LOAD c:/program files (x86)/atmel/studio/7.0/toolchain/avr8/avr8-gnu-toolchain/bin/../lib/gcc/avr/5.4.0/avr51\libgcc.a
LOAD c:/program files (x86)/atmel/studio/7.0/toolchain/avr8/avr8-gnu-toolchain/bin/../lib/gcc/avr/5.4.0/../../../../avr/lib/avr51\libm.a
LOAD c:/program files (x86)/atmel/studio/7.0/toolchain/avr8/avr8-gnu-toolchain/bin/../lib/gcc/avr/5.4.0/../../../../avr/lib/avr51\libc.a
LOAD C:/Program Files (x86)/Atmel/Studio/7.0/Packs/atmel/ATmega_DFP/1.2.150/gcc/dev/at90usb1287/avr51\libat90usb1287.a
END GROUP
                0x00020000                __TEXT_REGION_LENGTH__ = DEFINED (__TEXT_REGION_LENGTH__)?__TEXT_REGION_LENGTH__:0x20000
                0x0000ff00                __DATA_REGION_LENGTH__ = DEFINED (__DATA_REGION_LENGTH__)?__DATA_REGION_LENGTH__:0xff00
                0x00010000                __EEPROM_REGION_LENGTH__ = DEFINED (__EEPROM_REGION_LENGTH__)?__EEPROM_REGION_LENGTH__:0x10000
                [0x00000003]                __FUSE_REGION_LENGTH__ = DEFINED (__FUSE_REGION_LENGTH__)?__FUSE_REGION_LENGTH__:0x400
                0x00000400                __LOCK_REGION_LENGTH__ = DEFINED (__LOCK_REGION_LENGTH__)?__LOCK_REGION_LENGTH__:0x400
                0x00000400                __SIGNATURE_REGION_LENGTH__ = DEFINED (__SIGNATURE_REGION_LENGTH__)?__SIGNATURE_REGION_LENGTH__:0x400
                0x00000400                __USER_SIGNATURE_REGION_LENGTH__ = DEFINED (__USER_SIGNATURE_REGION_LENGTH__)?__USER_SIGNATURE_REGION_LENGTH__:0x400

.hash
 *(.hash)

.dynsym
 *(.dynsym)

.dynstr
 *(.dynstr)

.gnu.version
 *(.gnu.version)

.gnu.version_d
 *(.gnu.version_d)

.gnu.version_r
 *(.gnu.version_r)

.rel.init
 *(.rel.init)

.rela.init
 *(.rela.init)

.rel.text
 *(.rel.text)
 *(.rel.text.*)
 *(.rel.gnu.linkonce.t*)

.rela.text
 *(.rela.text)
 *(.rela.text.*)
 *(.rela.gnu.linkonce.t*)

.rel.fini
 *(.rel.fini)

.rela.fini
 *(.rela.fini)

.rel.rodata
 *(.rel.rodata)
 *(.rel.rodata.*)
 *(.rel.gnu.linkonce.r*)

.rela.rodata
 *(.rela.rodata)
 *(.rela.rodata.*)
 *(.rela.gnu.linkonce.r*)

.rel.data
 *(.rel.data)
 *(.rel.data.*)
 *(.rel.gnu.linkonce.d*)

.rela.data
 *(.rela.data)
 *(.rela.data.*)
 *(.rela.gnu.linkonce.d*)

.rel.ctors
 *(.rel.ctors)

.rela.ctors
 *(.rela.ctors)

.rel.dtors
 *(.rel.dtors)

.rela.dtors
 *(.rela.dtors)

.rel.got
 *(.rel.got)

.rela.got
 *(.rela.got)

.rel.bss
 *(.rel.bss)

.rela.bss
 *(.rela.bss)

.rel.plt
 *(.rel.plt)

.rela.plt
 *(.rela.plt)

.text           0x00000000     0x1628
 *(.vectors)
 .vectors       0x00000000       0x98 C:/Program Files (x86)/Atmel/Studio/7.0/Packs/atmel/ATmega_DFP/1.2.150/gcc/dev/at90usb1287/avr51/crtat90usb1287.o
                0x00000000                __vector_default
                0x00000000                __vectors
 *(.vectors)
 *(.progmem.gcc*)
                0x00000098                . = ALIGN (0x2)
                0x00000098                __trampolines_start = .
 *(.trampolines)
 .trampolines   0x00000098        0x0 linker stubs
 *(.trampolines*)
                0x00000098                __trampolines_end = .
 *libprintf_flt.a:*(.progmem.data)
 *libc.a:*(.progmem.data)
 *(.progmem*)
 .progmem.data.font
                0x00000098      0x4fb src/config/FrameBuffer.o
                0x00000594                . = ALIGN (0x2)
 *fill*         0x00000593        0x1 
 *(.jumptables)
 *(.jumptables*)
 *(.lowtext)
 *(.lowtext*)
                0x00000594                __ctors_start = .
 *(.ctors)
                0x00000594                __ctors_end = .
                0x00000594                __dtors_start = .
 *(.dtors)
                0x00000594                __dtors_end = .
 SORT(*)(.ctors)
 SORT(*)(.dtors)
 *(.init0)
 .init0         0x00000594        0x0 C:/Program Files (x86)/Atmel/Studio/7.0/Packs/atmel/ATmega_DFP/1.2.150/gcc/dev/at90usb1287/avr51/crtat90usb1287.o
                0x00000594                __init
 *(.init0)
 *(.init1)
 *(.init1)
 *(.init2)
 .init2         0x00000594        0xc C:/Program Files (x86)/Atmel/Studio/7.0/Packs/atmel/ATmega_DFP/1.2.150/gcc/dev/at90usb1287/avr51/crtat90usb1287.o
 *(.init2)
 *(.init3)
 *(.init3)
 *(.init4)
 .init4         0x000005a0       0x1a c:/program files (x86)/atmel/studio/7.0/toolchain/avr8/avr8-gnu-toolchain/bin/../lib/gcc/avr/5.4.0/avr51\libgcc.a(_copy_data.o)
                0x000005a0                __do_copy_data
 .init4         0x000005ba       0x10 c:/program files (x86)/atmel/studio/7.0/toolchain/avr8/avr8-gnu-toolchain/bin/../lib/gcc/avr/5.4.0/avr51\libgcc.a(_clear_bss.o)
                0x000005ba                __do_clear_bss
 *(.init4)
 *(.init5)
 *(.init5)
 *(.init6)
 *(.init6)
 *(.init7)
 *(.init7)
 *(.init8)
 *(.init8)
 *(.init9)
 .init9         0x000005ca        0x6 C:/Program Files (x86)/Atmel/Studio/7.0/Packs/atmel/ATmega_DFP/1.2.150/gcc/dev/at90usb1287/avr51/crtat90usb1287.o
 *(.init9)
 *(.text)
 .text          0x000005d0        0x2 C:/Program Files (x86)/Atmel/Studio/7.0/Packs/atmel/ATmega_DFP/1.2.150/gcc/dev/at90usb1287/avr51/crtat90usb1287.o
                0x000005d0                __vector_22
                0x000005d0                __vector_28
                0x000005d0                __vector_1
                0x000005d0                __vector_32
                0x000005d0                __vector_34
                0x000005d0                __vector_24
                0x000005d0                __vector_12
                0x000005d0                __bad_interrupt
                0x000005d0                __vector_31
                0x000005d0                __vector_35
                0x000005d0                __vector_3
                0x000005d0                __vector_23
                0x000005d0                __vector_30
                0x000005d0                __vector_25
                0x000005d0                __vector_11
                0x000005d0                __vector_13
                0x000005d0                __vector_17
                0x000005d0                __vector_19
                0x000005d0                __vector_7
                0x000005d0                __vector_27
                0x000005d0                __vector_33
                0x000005d0                __vector_37
                0x000005d0                __vector_4
                0x000005d0                __vector_2
                0x000005d0                __vector_15
                0x000005d0                __vector_36
                0x000005d0                __vector_29
                0x000005d0                __vector_8
                0x000005d0                __vector_26
                0x000005d0                __vector_14
                0x000005d0                __vector_10
                0x000005d0                __vector_16
                0x000005d0                __vector_18
                0x000005d0                __vector_20
                0x000005d2                . = ALIGN (0x2)
 *(.text.*)
 .text.drawPixel
                0x000005d2       0x3a src/config/FrameBuffer.o
                0x000005d2                drawPixel
 .text.drawVLine
                0x0000060c       0x26 src/config/FrameBuffer.o
                0x0000060c                drawVLine
 .text.drawHLine
                0x00000632       0x34 src/config/FrameBuffer.o
                0x00000632                drawHLine
 .text.drawRectangle
                0x00000666       0x48 src/config/FrameBuffer.o
                0x00000666                drawRectangle
 .text.drawRectangleFilled
                0x000006ae       0x7c src/config/FrameBuffer.o
                0x000006ae                drawRectangleFilled
 .text.clear    0x0000072a       0x12 src/config/FrameBuffer.o
                0x0000072a                clear
 .text.show     0x0000073c        0x8 src/config/FrameBuffer.o
                0x0000073c                show
 .text.drawChar
                0x00000744       0xf2 src/config/FrameBuffer.o
                0x00000744                drawChar
 .text.drawString
                0x00000836       0x5c src/config/FrameBuffer.o
                0x00000836                drawString
 .text.drawNumber
                0x00000892       0xa4 src/config/FrameBuffer.o
                0x00000892                drawNumber
 .text.drawRunning
                0x00000936       0x14 src/config/FrameBuffer.o
                0x00000936                drawRunning
 .text.drawPause
                0x0000094a       0xb8 src/config/FrameBuffer.o
                0x0000094a                drawPause
 .text.drawCalibrateADC
                0x00000a02       0x70 src/config/FrameBuffer.o
                0x00000a02                drawCalibrateADC
 .text.drawSelectBar
                0x00000a72       0x7e src/config/FrameBuffer.o
                0x00000a72                drawSelectBar
 .text.drawBlackCali
                0x00000af0       0x2a src/config/FrameBuffer.o
                0x00000af0                drawBlackCali
 .text.drawWhiteCali
                0x00000b1a       0x2a src/config/FrameBuffer.o
                0x00000b1a                drawWhiteCali
 .text.drawAluminumCali
                0x00000b44       0x2a src/config/FrameBuffer.o
                0x00000b44                drawAluminumCali
 .text.drawSteelCali
                0x00000b6e       0x2a src/config/FrameBuffer.o
                0x00000b6e                drawSteelCali
 .text.i2cInit  0x00000b98        0xc src/config/I2C.o
                0x00000b98                i2cInit
 .text.i2cStart
                0x00000ba4       0x4e src/config/I2C.o
                0x00000ba4                i2cStart
 .text.i2cWrite
                0x00000bf2       0x24 src/config/I2C.o
                0x00000bf2                i2cWrite
 .text.i2cStop  0x00000c16       0x12 src/config/I2C.o
                0x00000c16                i2cStop
 .text.sendCommand
                0x00000c28       0x16 src/config/SSD1306.o
                0x00000c28                sendCommand
 .text.SSD1306Init
                0x00000c3e       0x66 src/config/SSD1306.o
                0x00000c3e                SSD1306Init
 .text.sendFramebuffer
                0x00000ca4       0x5c src/config/SSD1306.o
                0x00000ca4                sendFramebuffer
 .text.setupISR
                0x00000d00       0x26 src/main.o
                0x00000d00                setupISR
 .text.mTimer   0x00000d26       0x36 src/main.o
                0x00000d26                mTimer
 .text.main     0x00000d5c      0x22e src/main.o
                0x00000d5c                main
 .text.__vector_21
                0x00000f8a       0x24 src/main.o
                0x00000f8a                __vector_21
 .text.__vector_5
                0x00000fae       0x1e src/main.o
                0x00000fae                __vector_5
 .text.__vector_6
                0x00000fcc       0x1e src/main.o
                0x00000fcc                __vector_6
 .text.__vector_9
                0x00000fea       0x84 src/main.o
                0x00000fea                __vector_9
 .text.avr-libc
                0x0000106e       0x5c c:/program files (x86)/atmel/studio/7.0/toolchain/avr8/avr8-gnu-toolchain/bin/../lib/gcc/avr/5.4.0/../../../../avr/lib/avr51\libc.a(sprintf.o)
                0x0000106e                sprintf
 .text.avr-libc
                0x000010ca      0x3fa c:/program files (x86)/atmel/studio/7.0/toolchain/avr8/avr8-gnu-toolchain/bin/../lib/gcc/avr/5.4.0/../../../../avr/lib/avr51\libc.a(vfprintf_std.o)
                0x000010ca                vfprintf
 .text.avr-libc
                0x000014c4       0x16 c:/program files (x86)/atmel/studio/7.0/toolchain/avr8/avr8-gnu-toolchain/bin/../lib/gcc/avr/5.4.0/../../../../avr/lib/avr51\libc.a(strnlen_P.o)
                0x000014c4                strnlen_P
 .text.avr-libc
                0x000014da       0x16 c:/program files (x86)/atmel/studio/7.0/toolchain/avr8/avr8-gnu-toolchain/bin/../lib/gcc/avr/5.4.0/../../../../avr/lib/avr51\libc.a(strnlen.o)
                0x000014da                strnlen
 .text.avr-libc
                0x000014f0       0x78 c:/program files (x86)/atmel/studio/7.0/toolchain/avr8/avr8-gnu-toolchain/bin/../lib/gcc/avr/5.4.0/../../../../avr/lib/avr51\libc.a(fputc.o)
                0x000014f0                fputc
 .text.avr-libc
                0x00001568       0xbc c:/program files (x86)/atmel/studio/7.0/toolchain/avr8/avr8-gnu-toolchain/bin/../lib/gcc/avr/5.4.0/../../../../avr/lib/avr51\libc.a(ultoa_invert.o)
                0x00001568                __ultoa_invert
                0x00001624                . = ALIGN (0x2)
 *(.fini9)
 .fini9         0x00001624        0x0 c:/program files (x86)/atmel/studio/7.0/toolchain/avr8/avr8-gnu-toolchain/bin/../lib/gcc/avr/5.4.0/avr51\libgcc.a(_exit.o)
                0x00001624                _exit
                0x00001624                exit
 *(.fini9)
 *(.fini8)
 *(.fini8)
 *(.fini7)
 *(.fini7)
 *(.fini6)
 *(.fini6)
 *(.fini5)
 *(.fini5)
 *(.fini4)
 *(.fini4)
 *(.fini3)
 *(.fini3)
 *(.fini2)
 *(.fini2)
 *(.fini1)
 *(.fini1)
 *(.fini0)
 .fini0         0x00001624        0x4 c:/program files (x86)/atmel/studio/7.0/toolchain/avr8/avr8-gnu-toolchain/bin/../lib/gcc/avr/5.4.0/avr51\libgcc.a(_exit.o)
 *(.fini0)
                0x00001628                _etext = .

.data           0x00800100       0x7a load address 0x00001628
                0x00800100                PROVIDE (__data_start, .)
 *(.data)
 *(.data*)
 .data.stlCali  0x00800100        0x2 src/main.o
                0x00800100                stlCali
 .data.almCali  0x00800102        0x2 src/main.o
                0x00800102                almCali
 .data.whtCali  0x00800104        0x2 src/main.o
                0x00800104                whtCali
 .data.blkCali  0x00800106        0x2 src/main.o
                0x00800106                blkCali
 .data.portbhistory
                0x00800108        0x1 src/main.o
                0x00800108                portbhistory
 .data.barState
                0x00800109        0x1 src/main.o
                0x00800109                barState
 *(.gnu.linkonce.d*)
 *(.rodata)
 *(.rodata*)
 .rodata.str1.1
                0x0080010a       0x5d src/config/FrameBuffer.o
 .rodata.str1.1
                0x00800167       0x13 src/main.o
 *(.gnu.linkonce.r*)
                0x0080017a                . = ALIGN (0x2)
                0x0080017a                _edata = .
                0x0080017a                PROVIDE (__data_end, .)

.bss            0x0080017a      0x407
                0x0080017a                PROVIDE (__bss_start, .)
 *(.bss)
 *(.bss*)
 .bss.buffer    0x0080017a      0x400 src/config/FrameBuffer.o
                0x0080017a                buffer
 .bss.up_key_press
                0x0080057a        0x1 src/main.o
                0x0080057a                up_key_press
 .bss.down_key_press
                0x0080057b        0x1 src/main.o
                0x0080057b                down_key_press
 .bss.left_key_press
                0x0080057c        0x1 src/main.o
                0x0080057c                left_key_press
 .bss.right_key_press
                0x0080057d        0x1 src/main.o
                0x0080057d                right_key_press
 .bss.rampDownSet
                0x0080057e        0x1 src/main.o
                0x0080057e                rampDownSet
 .bss.menuState
                0x0080057f        0x1 src/main.o
                0x0080057f                menuState
 .bss.programPause
                0x00800580        0x1 src/main.o
                0x00800580                programPause
 *(COMMON)
                0x00800581                PROVIDE (__bss_end, .)
                0x00001628                __data_load_start = LOADADDR (.data)
                0x000016a2                __data_load_end = (__data_load_start + SIZEOF (.data))

.noinit         0x00800581        0x0
                [!provide]                PROVIDE (__noinit_start, .)
 *(.noinit*)
                [!provide]                PROVIDE (__noinit_end, .)
                0x00800581                _end = .
                [!provide]                PROVIDE (__heap_start, .)

.eeprom         0x00810000        0x0
 *(.eeprom*)
                0x00810000                __eeprom_end = .

.fuse
 *(.fuse)
 *(.lfuse)
 *(.hfuse)
 *(.efuse)

.lock
 *(.lock*)

.signature
 *(.signature*)

.user_signatures
 *(.user_signatures*)

.stab
 *(.stab)

.stabstr
 *(.stabstr)

.stab.excl
 *(.stab.excl)

.stab.exclstr
 *(.stab.exclstr)

.stab.index
 *(.stab.index)

.stab.indexstr
 *(.stab.indexstr)

.comment        0x00000000       0x5c
 *(.comment)
 .comment       0x00000000       0x30 src/config/FrameBuffer.o
                                 0x31 (size before relaxing)
 .comment       0x00000030       0x31 src/config/I2C.o
 .comment       0x00000030       0x31 src/config/SSD1306.o
 .comment       0x00000030       0x31 src/main.o
 .comment       0x00000030       0x31 c:/program files (x86)/atmel/studio/7.0/toolchain/avr8/avr8-gnu-toolchain/bin/../lib/gcc/avr/5.4.0/../../../../avr/lib/avr51\libc.a(sprintf.o)
 .comment       0x00000030       0x2c c:/program files (x86)/atmel/studio/7.0/toolchain/avr8/avr8-gnu-toolchain/bin/../lib/gcc/avr/5.4.0/../../../../avr/lib/avr51\libc.a(vfprintf_std.o)
                                 0x2d (size before relaxing)
 .comment       0x0000005c       0x31 c:/program files (x86)/atmel/studio/7.0/toolchain/avr8/avr8-gnu-toolchain/bin/../lib/gcc/avr/5.4.0/../../../../avr/lib/avr51\libc.a(fputc.o)

.note.gnu.avr.deviceinfo
                0x00000000       0x40
 .note.gnu.avr.deviceinfo
                0x00000000       0x40 C:/Program Files (x86)/Atmel/Studio/7.0/Packs/atmel/ATmega_DFP/1.2.150/gcc/dev/at90usb1287/avr51/crtat90usb1287.o

.note.gnu.build-id
 *(.note.gnu.build-id)

.debug
 *(.debug)

.line
 *(.line)

.debug_srcinfo
 *(.debug_srcinfo)

.debug_sfnames
 *(.debug_sfnames)

.debug_aranges  0x00000000      0x1a8
 *(.debug_aranges)
 .debug_aranges
                0x00000000       0xc8 src/config/FrameBuffer.o
 .debug_aranges
                0x000000c8       0x38 src/config/I2C.o
 .debug_aranges
                0x00000100       0x40 src/config/SSD1306.o
 .debug_aranges
                0x00000140       0x68 src/main.o

.debug_pubnames
 *(.debug_pubnames)

.debug_info     0x00000000     0x341c
 *(.debug_info .gnu.linkonce.wi.*)
 .debug_info    0x00000000      0xb70 C:/Program Files (x86)/Atmel/Studio/7.0/Packs/atmel/ATmega_DFP/1.2.150/gcc/dev/at90usb1287/avr51/crtat90usb1287.o
 .debug_info    0x00000b70     0x16c2 src/config/FrameBuffer.o
 .debug_info    0x00002232      0x117 src/config/I2C.o
 .debug_info    0x00002349      0x4df src/config/SSD1306.o
 .debug_info    0x00002828      0xbf4 src/main.o

.debug_abbrev   0x00000000      0xfe7
 *(.debug_abbrev)
 .debug_abbrev  0x00000000      0xad2 C:/Program Files (x86)/Atmel/Studio/7.0/Packs/atmel/ATmega_DFP/1.2.150/gcc/dev/at90usb1287/avr51/crtat90usb1287.o
 .debug_abbrev  0x00000ad2      0x21b src/config/FrameBuffer.o
 .debug_abbrev  0x00000ced       0x8e src/config/I2C.o
 .debug_abbrev  0x00000d7b       0xe3 src/config/SSD1306.o
 .debug_abbrev  0x00000e5e      0x189 src/main.o

.debug_line     0x00000000     0x19a3
 *(.debug_line .debug_line.* .debug_line_end)
 .debug_line    0x00000000      0x17b C:/Program Files (x86)/Atmel/Studio/7.0/Packs/atmel/ATmega_DFP/1.2.150/gcc/dev/at90usb1287/avr51/crtat90usb1287.o
 .debug_line    0x0000017b      0x8ae src/config/FrameBuffer.o
 .debug_line    0x00000a29      0x40f src/config/I2C.o
 .debug_line    0x00000e38      0x3db src/config/SSD1306.o
 .debug_line    0x00001213      0x790 src/main.o

.debug_frame    0x00000000      0x55c
 *(.debug_frame)
 .debug_frame   0x00000000      0x378 src/config/FrameBuffer.o
 .debug_frame   0x00000378       0x54 src/config/I2C.o
 .debug_frame   0x000003cc       0x94 src/config/SSD1306.o
 .debug_frame   0x00000460       0xfc src/main.o

.debug_str      0x00000000    0x12980
 *(.debug_str)
 .debug_str     0x00000000      0x3f7 C:/Program Files (x86)/Atmel/Studio/7.0/Packs/atmel/ATmega_DFP/1.2.150/gcc/dev/at90usb1287/avr51/crtat90usb1287.o
 .debug_str     0x000003f7     0xaa7d src/config/FrameBuffer.o
                               0xacb2 (size before relaxing)
 .debug_str     0x0000ae74      0x338 src/config/I2C.o
                               0x7a2a (size before relaxing)
 .debug_str     0x0000b1ac       0x64 src/config/SSD1306.o
                               0x7a88 (size before relaxing)
 .debug_str     0x0000b210     0x7770 src/main.o
                              0x11e24 (size before relaxing)

.debug_loc      0x00000000     0x18c5
 *(.debug_loc)
 .debug_loc     0x00000000     0x14cd src/config/FrameBuffer.o
 .debug_loc     0x000014cd       0xb4 src/config/I2C.o
 .debug_loc     0x00001581      0x1db src/config/SSD1306.o
 .debug_loc     0x0000175c      0x169 src/main.o

.debug_macinfo
 *(.debug_macinfo)

.debug_weaknames
 *(.debug_weaknames)

.debug_funcnames
 *(.debug_funcnames)

.debug_typenames
 *(.debug_typenames)

.debug_varnames
 *(.debug_varnames)

.debug_pubtypes
 *(.debug_pubtypes)

.debug_ranges   0x00000000      0x1f0
 *(.debug_ranges)
 .debug_ranges  0x00000000      0x140 src/config/FrameBuffer.o
 .debug_ranges  0x00000140       0x28 src/config/I2C.o
 .debug_ranges  0x00000168       0x30 src/config/SSD1306.o
 .debug_ranges  0x00000198       0x58 src/main.o

.debug_macro    0x00000000     0x3c10
 *(.debug_macro)
 .debug_macro   0x00000000      0x119 src/config/FrameBuffer.o
 .debug_macro   0x00000119      0xa66 src/config/FrameBuffer.o
 .debug_macro   0x00000b7f       0x1c src/config/FrameBuffer.o
 .debug_macro   0x00000b9b      0x10e src/config/FrameBuffer.o
 .debug_macro   0x00000ca9       0x66 src/config/FrameBuffer.o
 .debug_macro   0x00000d0f      0x1c9 src/config/FrameBuffer.o
 .debug_macro   0x00000ed8      0x2fc src/config/FrameBuffer.o
 .debug_macro   0x000011d4       0x58 src/config/FrameBuffer.o
 .debug_macro   0x0000122c       0x10 src/config/FrameBuffer.o
 .debug_macro   0x0000123c       0x20 src/config/FrameBuffer.o
 .debug_macro   0x0000125c       0xf2 src/config/FrameBuffer.o
 .debug_macro   0x0000134e       0xaa src/config/FrameBuffer.o
 .debug_macro   0x000013f8     0x1953 src/config/FrameBuffer.o
 .debug_macro   0x00002d4b      0x106 src/config/FrameBuffer.o
 .debug_macro   0x00002e51      0x1e0 src/config/FrameBuffer.o
 .debug_macro   0x00003031       0xcb src/config/FrameBuffer.o
 .debug_macro   0x000030fc       0x34 src/config/FrameBuffer.o
 .debug_macro   0x00003130       0x18 src/config/FrameBuffer.o
 .debug_macro   0x00003148       0x6c src/config/FrameBuffer.o
 .debug_macro   0x000031b4       0x10 src/config/FrameBuffer.o
 .debug_macro   0x000031c4       0x12 src/config/FrameBuffer.o
 .debug_macro   0x000031d6      0x175 src/config/FrameBuffer.o
 .debug_macro   0x0000334b       0x1c src/config/FrameBuffer.o
 .debug_macro   0x00003367       0xb8 src/config/FrameBuffer.o
 .debug_macro   0x0000341f       0xb2 src/config/FrameBuffer.o
 .debug_macro   0x000034d1       0x28 src/config/FrameBuffer.o
 .debug_macro   0x000034f9       0xbf src/config/I2C.o
 .debug_macro   0x000035b8       0xd7 src/config/I2C.o
 .debug_macro   0x0000368f       0xa8 src/config/SSD1306.o
 .debug_macro   0x00003737      0x302 src/config/SSD1306.o
 .debug_macro   0x00003a39       0x16 src/config/SSD1306.o
 .debug_macro   0x00003a4f      0x199 src/main.o
 .debug_macro   0x00003be8       0x28 src/main.o
OUTPUT(OLEDV2.elf elf32-avr)
LOAD linker stubs
